{
  "workflowRunCount" : 1,
  "studies" : [ "TGL07" ],
  "sequencerRuns" : [ "171122_NB551051_0036_AHLKN7AFXX", "171122_NB551056_0033_AHKMWKAFXX", "171123_NB551051_0037_AHL5HNAFXX", "171123_NB551056_0034_AHL5HTAFXX", "171129_NB551051_0040_AH53W3BGX5", "171129_NB551056_0037_AH557VBGX5" ],
  "lanes" : [ "171122_NB551051_0036_AHLKN7AFXX_lane_1", "171122_NB551056_0033_AHKMWKAFXX_lane_1", "171123_NB551051_0037_AHL5HNAFXX_lane_1", "171123_NB551056_0034_AHL5HTAFXX_lane_1", "171129_NB551051_0040_AH53W3BGX5_lane_1", "171129_NB551056_0037_AH557VBGX5_lane_1" ],
  "samples" : [ "TGL07_0001_Lu_M_PE_292_WT", "TGL07_0003_Ut_P_PE_272_WT", "TGL07_0004_Ov_P_PE_289_WT", "TGL07_0008_Sk_P_PE_280_WT", "TGL07_0012_Ln_M_PE_274_WT", "TGL07_0014_Ce_P_PE_299_WT", "TGL07_0017_Co_P_PE_290_WT" ],
  "workflows" : [ "RSEM", "STAR" ],
  "processingAlgorithms" : [ "ProvisionFiles" ],
  "fileMetaTypes" : [ "text/plain" ],
  "maxInputFiles" : 14,
  "minInputFiles" : 14,
  "totalInputFiles" : 14,
  "maxOutputFileProvenanceRecords" : 10,
  "minOutputFileProvenanceRecords" : 10,
  "totalOutputFileProvenanceRecords" : 10,
  "workflowRuns" : [ {
    "workflowIni" : {
      "data_dir" : "data",
      "ensemble_file" : "/.mounts/labs/PDE/Modules/sw/ImmuneInfiltration/ensemble_conversion.txt",
      "estimate_mem" : "20",
      "gmt_file" : "/.mounts/labs/PDE/Modules/sw/ImmuneInfiltration/dahaner2017_liu2015_immune_genesets.gmt",
      "library" : "library",
      "manual_output" : "false",
      "metadata" : "metadata",
      "output_dir" : "seqware-results",
      "rLib" : "/.mounts/labs/gsiprojects/gsi/tools/R_libs",
      "rpath" : "/.mounts/labs/PDE/Modules/sw/R/R-3.3.0",
      "rsem_inputs" : "/.mounts/labs/TGL/production2/seqware-results/RSEM_1.1/92294175/SWID_11105789_TGL07_0001_Lu_M_PE_292_WT_171122_NB551056_0033_AHKMWKAFXX_CGATGT_L001.genes.results,/.mounts/labs/TGL/production2/seqware-results/RSEM_1.1/83206476/SWID_11781272_TGL07_0017_Co_P_PE_290_WT_171123_NB551056_0034_AHL5HTAFXX_ACAGTG_L001.genes.results,/.mounts/labs/TGL/production2/seqware-results/RSEM_1.1/62634547/SWID_11781260_TGL07_0008_Sk_P_PE_280_WT_171129_NB551051_0040_AH53W3BGX5_GGCTAC_L001.genes.results,/.mounts/labs/TGL/production2/seqware-results/RSEM_1.1/59280211/SWID_11119358_TGL07_0004_Ov_P_PE_289_WT_171123_NB551051_0037_AHL5HNAFXX_CCGTCC_L001.genes.results,/.mounts/labs/TGL/production2/seqware-results/RSEM_1.1/13959629/SWID_11781251_TGL07_0012_Ln_M_PE_274_WT_171129_NB551056_0037_AH557VBGX5_GATCAG_L001.genes.results,/.mounts/labs/TGL/production2/seqware-results/RSEM_1.1/6750582/SWID_11119373_TGL07_0003_Ut_P_PE_272_WT_171123_NB551056_0034_AHL5HTAFXX_CAGATC_L001.genes.results,/.mounts/labs/TGL/production2/seqware-results/RSEM_1.1/79814043/SWID_11781245_TGL07_0014_Ce_P_PE_299_WT_171129_NB551056_0037_AH557VBGX5_CGTACG_L001.genes.results",
      "run" : "run",
      "star_inputs" : "/.mounts/labs/TGL/production2/seqware-results/STAR_1.1.1/1554251/SWID_11105601_TGL07_0001_Lu_M_PE_292_WT_171122_NB551051_0036_AHLKN7AFXX_CGATGT_L001.ReadsPerGene.out.tab,/.mounts/labs/TGL/production2/seqware-results/STAR_1.1.1/75230920/SWID_11780637_TGL07_0008_Sk_P_PE_280_WT_171129_NB551051_0040_AH53W3BGX5_GGCTAC_L001.ReadsPerGene.out.tab,/.mounts/labs/TGL/production2/seqware-results/STAR_1.1.1/15776218/SWID_11780727_TGL07_0012_Ln_M_PE_274_WT_171129_NB551056_0037_AH557VBGX5_GATCAG_L001.ReadsPerGene.out.tab,/.mounts/labs/TGL/production2/seqware-results/STAR_1.1.1/38401141/SWID_11119244_TGL07_0003_Ut_P_PE_272_WT_171123_NB551056_0034_AHL5HTAFXX_CAGATC_L001.ReadsPerGene.out.tab,/.mounts/labs/TGL/production2/seqware-results/STAR_1.1.1/89975612/SWID_11780519_TGL07_0017_Co_P_PE_290_WT_171123_NB551051_0037_AHL5HNAFXX_ACAGTG_L001.ReadsPerGene.out.tab,/.mounts/labs/TGL/production2/seqware-results/STAR_1.1.1/55305931/SWID_11119246_TGL07_0004_Ov_P_PE_289_WT_171123_NB551056_0034_AHL5HTAFXX_CCGTCC_L001.ReadsPerGene.out.tab,/.mounts/labs/TGL/production2/seqware-results/STAR_1.1.1/67832487/SWID_11780729_TGL07_0014_Ce_P_PE_299_WT_171129_NB551056_0037_AH557VBGX5_CGTACG_L001.ReadsPerGene.out.tab",
      "study_title" : "TGL07",
      "template_type" : "WT",
      "tmp_dir" : "tmp"
    },
    "files" : [ {
      "studyTitle" : [ "TGL07" ],
      "studyAttributes" : { },
      "experimentName" : [ ],
      "experimentAttributes" : { },
      "sampleName" : [ "TGL07_0001_Lu_M_PE_292_WT" ],
      "sampleAttributes" : {
        "geo_external_name" : [ [ "COM-00278" ] ],
        "geo_group_id" : [ [ "171121" ] ],
        "geo_library_source_template_type" : [ [ "WT" ] ],
        "geo_organism" : [ [ "Homo sapiens" ] ],
        "geo_prep_kit" : [ [ "TruSeq_Stranded_TotalRNA" ] ],
        "geo_purpose" : [ [ "Library" ] ],
        "geo_receive_date" : [ [ "2017-09-08" ] ],
        "geo_run_id_and_position" : [ [ "2916_1" ] ],
        "geo_str_result" : [ [ "Not Submitted" ] ],
        "geo_template_type" : [ [ "Illumina PE Library" ] ],
        "geo_tissue_origin" : [ [ "Lu" ] ],
        "geo_tissue_preparation" : [ [ "FFPE" ] ],
        "geo_tissue_type" : [ [ "M" ] ]
      },
      "sequencerRunName" : [ "171122_NB551051_0036_AHLKN7AFXX" ],
      "sequencerRunAttributes" : {
        "instrument_name" : [ [ "NB551051" ] ]
      },
      "laneName" : [ "171122_NB551051_0036_AHLKN7AFXX_lane_1" ],
      "laneAttributes" : { },
      "iusTag" : [ "CGATGT" ],
      "iusAttributes" : { },
      "workflowName" : [ "STAR" ],
      "processingAlgorithm" : [ "ProvisionFiles" ],
      "processingAttributes" : { },
      "fileMetaType" : [ "text/plain" ],
      "fileAttributes" : {
        "cvterms" : [ [ "EDAM:topic_0203" ] ]
      },
      "fileId" : 1849603163
    }, {
      "studyTitle" : [ "TGL07" ],
      "studyAttributes" : { },
      "experimentName" : [ ],
      "experimentAttributes" : { },
      "sampleName" : [ "TGL07_0001_Lu_M_PE_292_WT" ],
      "sampleAttributes" : {
        "geo_external_name" : [ [ "COM-00278" ] ],
        "geo_group_id" : [ [ "171121" ] ],
        "geo_library_source_template_type" : [ [ "WT" ] ],
        "geo_organism" : [ [ "Homo sapiens" ] ],
        "geo_prep_kit" : [ [ "TruSeq_Stranded_TotalRNA" ] ],
        "geo_purpose" : [ [ "Library" ] ],
        "geo_receive_date" : [ [ "2017-09-08" ] ],
        "geo_run_id_and_position" : [ [ "2917_1" ] ],
        "geo_str_result" : [ [ "Not Submitted" ] ],
        "geo_template_type" : [ [ "Illumina PE Library" ] ],
        "geo_tissue_origin" : [ [ "Lu" ] ],
        "geo_tissue_preparation" : [ [ "FFPE" ] ],
        "geo_tissue_type" : [ [ "M" ] ]
      },
      "sequencerRunName" : [ "171122_NB551056_0033_AHKMWKAFXX" ],
      "sequencerRunAttributes" : {
        "instrument_name" : [ [ "NB551056" ] ]
      },
      "laneName" : [ "171122_NB551056_0033_AHKMWKAFXX_lane_1" ],
      "laneAttributes" : { },
      "iusTag" : [ "CGATGT" ],
      "iusAttributes" : { },
      "workflowName" : [ "RSEM" ],
      "processingAlgorithm" : [ "ProvisionFiles" ],
      "processingAttributes" : { },
      "fileMetaType" : [ "text/plain" ],
      "fileAttributes" : {
        "cvterms" : [ [ "EDAM:topic_0203" ] ]
      },
      "fileId" : -915347310
    }, {
      "studyTitle" : [ "TGL07" ],
      "studyAttributes" : { },
      "experimentName" : [ ],
      "experimentAttributes" : { },
      "sampleName" : [ "TGL07_0003_Ut_P_PE_272_WT" ],
      "sampleAttributes" : {
        "geo_external_name" : [ [ "COM-00518" ] ],
        "geo_group_id" : [ [ "171121" ] ],
        "geo_library_source_template_type" : [ [ "WT" ] ],
        "geo_organism" : [ [ "Homo sapiens" ] ],
        "geo_prep_kit" : [ [ "TruSeq_Stranded_TotalRNA" ] ],
        "geo_purpose" : [ [ "Library" ] ],
        "geo_receive_date" : [ [ "2017-09-08" ] ],
        "geo_run_id_and_position" : [ [ "2918_1" ] ],
        "geo_str_result" : [ [ "Not Submitted" ] ],
        "geo_template_type" : [ [ "Illumina PE Library" ] ],
        "geo_tissue_origin" : [ [ "Ut" ] ],
        "geo_tissue_preparation" : [ [ "FFPE" ] ],
        "geo_tissue_type" : [ [ "P" ] ]
      },
      "sequencerRunName" : [ "171123_NB551056_0034_AHL5HTAFXX" ],
      "sequencerRunAttributes" : {
        "instrument_name" : [ [ "NB551056" ] ]
      },
      "laneName" : [ "171123_NB551056_0034_AHL5HTAFXX_lane_1" ],
      "laneAttributes" : { },
      "iusTag" : [ "CAGATC" ],
      "iusAttributes" : { },
      "workflowName" : [ "RSEM" ],
      "processingAlgorithm" : [ "ProvisionFiles" ],
      "processingAttributes" : { },
      "fileMetaType" : [ "text/plain" ],
      "fileAttributes" : {
        "cvterms" : [ [ "EDAM:topic_0203" ] ]
      },
      "fileId" : -35362435
    }, {
      "studyTitle" : [ "TGL07" ],
      "studyAttributes" : { },
      "experimentName" : [ ],
      "experimentAttributes" : { },
      "sampleName" : [ "TGL07_0003_Ut_P_PE_272_WT" ],
      "sampleAttributes" : {
        "geo_external_name" : [ [ "COM-00518" ] ],
        "geo_group_id" : [ [ "171121" ] ],
        "geo_library_source_template_type" : [ [ "WT" ] ],
        "geo_organism" : [ [ "Homo sapiens" ] ],
        "geo_prep_kit" : [ [ "TruSeq_Stranded_TotalRNA" ] ],
        "geo_purpose" : [ [ "Library" ] ],
        "geo_receive_date" : [ [ "2017-09-08" ] ],
        "geo_run_id_and_position" : [ [ "2918_1" ] ],
        "geo_str_result" : [ [ "Not Submitted" ] ],
        "geo_template_type" : [ [ "Illumina PE Library" ] ],
        "geo_tissue_origin" : [ [ "Ut" ] ],
        "geo_tissue_preparation" : [ [ "FFPE" ] ],
        "geo_tissue_type" : [ [ "P" ] ]
      },
      "sequencerRunName" : [ "171123_NB551056_0034_AHL5HTAFXX" ],
      "sequencerRunAttributes" : {
        "instrument_name" : [ [ "NB551056" ] ]
      },
      "laneName" : [ "171123_NB551056_0034_AHL5HTAFXX_lane_1" ],
      "laneAttributes" : { },
      "iusTag" : [ "CAGATC" ],
      "iusAttributes" : { },
      "workflowName" : [ "STAR" ],
      "processingAlgorithm" : [ "ProvisionFiles" ],
      "processingAttributes" : { },
      "fileMetaType" : [ "text/plain" ],
      "fileAttributes" : {
        "cvterms" : [ [ "EDAM:topic_0203" ] ]
      },
      "fileId" : 2057550227
    }, {
      "studyTitle" : [ "TGL07" ],
      "studyAttributes" : { },
      "experimentName" : [ ],
      "experimentAttributes" : { },
      "sampleName" : [ "TGL07_0004_Ov_P_PE_289_WT" ],
      "sampleAttributes" : {
        "geo_external_name" : [ [ "COM-00555" ] ],
        "geo_group_id" : [ [ "171121" ] ],
        "geo_library_source_template_type" : [ [ "WT" ] ],
        "geo_organism" : [ [ "Homo sapiens" ] ],
        "geo_prep_kit" : [ [ "TruSeq_Stranded_TotalRNA" ] ],
        "geo_purpose" : [ [ "Library" ] ],
        "geo_receive_date" : [ [ "2017-09-08" ] ],
        "geo_run_id_and_position" : [ [ "2918_1" ] ],
        "geo_str_result" : [ [ "Not Submitted" ] ],
        "geo_template_type" : [ [ "Illumina PE Library" ] ],
        "geo_tissue_origin" : [ [ "Ov" ] ],
        "geo_tissue_preparation" : [ [ "FFPE" ] ],
        "geo_tissue_type" : [ [ "P" ] ]
      },
      "sequencerRunName" : [ "171123_NB551056_0034_AHL5HTAFXX" ],
      "sequencerRunAttributes" : {
        "instrument_name" : [ [ "NB551056" ] ]
      },
      "laneName" : [ "171123_NB551056_0034_AHL5HTAFXX_lane_1" ],
      "laneAttributes" : { },
      "iusTag" : [ "CCGTCC" ],
      "iusAttributes" : { },
      "workflowName" : [ "STAR" ],
      "processingAlgorithm" : [ "ProvisionFiles" ],
      "processingAttributes" : { },
      "fileMetaType" : [ "text/plain" ],
      "fileAttributes" : {
        "cvterms" : [ [ "EDAM:topic_0203" ] ]
      },
      "fileId" : 1257009237
    }, {
      "studyTitle" : [ "TGL07" ],
      "studyAttributes" : { },
      "experimentName" : [ ],
      "experimentAttributes" : { },
      "sampleName" : [ "TGL07_0004_Ov_P_PE_289_WT" ],
      "sampleAttributes" : {
        "geo_external_name" : [ [ "COM-00555" ] ],
        "geo_group_id" : [ [ "171121" ] ],
        "geo_library_source_template_type" : [ [ "WT" ] ],
        "geo_organism" : [ [ "Homo sapiens" ] ],
        "geo_prep_kit" : [ [ "TruSeq_Stranded_TotalRNA" ] ],
        "geo_purpose" : [ [ "Library" ] ],
        "geo_receive_date" : [ [ "2017-09-08" ] ],
        "geo_run_id_and_position" : [ [ "2919_1" ] ],
        "geo_str_result" : [ [ "Not Submitted" ] ],
        "geo_template_type" : [ [ "Illumina PE Library" ] ],
        "geo_tissue_origin" : [ [ "Ov" ] ],
        "geo_tissue_preparation" : [ [ "FFPE" ] ],
        "geo_tissue_type" : [ [ "P" ] ]
      },
      "sequencerRunName" : [ "171123_NB551051_0037_AHL5HNAFXX" ],
      "sequencerRunAttributes" : {
        "instrument_name" : [ [ "NB551051" ] ]
      },
      "laneName" : [ "171123_NB551051_0037_AHL5HNAFXX_lane_1" ],
      "laneAttributes" : { },
      "iusTag" : [ "CCGTCC" ],
      "iusAttributes" : { },
      "workflowName" : [ "RSEM" ],
      "processingAlgorithm" : [ "ProvisionFiles" ],
      "processingAttributes" : { },
      "fileMetaType" : [ "text/plain" ],
      "fileAttributes" : {
        "cvterms" : [ [ "EDAM:topic_0203" ] ]
      },
      "fileId" : 1343477786
    }, {
      "studyTitle" : [ "TGL07" ],
      "studyAttributes" : { },
      "experimentName" : [ ],
      "experimentAttributes" : { },
      "sampleName" : [ "TGL07_0008_Sk_P_PE_280_WT" ],
      "sampleAttributes" : {
        "geo_external_name" : [ [ "IMP-00961" ] ],
        "geo_group_id" : [ [ "171121" ] ],
        "geo_library_source_template_type" : [ [ "WT" ] ],
        "geo_organism" : [ [ "Homo sapiens" ] ],
        "geo_prep_kit" : [ [ "TruSeq_Stranded_TotalRNA" ] ],
        "geo_purpose" : [ [ "Library" ] ],
        "geo_receive_date" : [ [ "2017-09-08" ] ],
        "geo_run_id_and_position" : [ [ "2926_1" ] ],
        "geo_str_result" : [ [ "Not Submitted" ] ],
        "geo_template_type" : [ [ "Illumina PE Library" ] ],
        "geo_tissue_origin" : [ [ "Sk" ] ],
        "geo_tissue_preparation" : [ [ "FFPE" ] ],
        "geo_tissue_type" : [ [ "P" ] ]
      },
      "sequencerRunName" : [ "171129_NB551051_0040_AH53W3BGX5" ],
      "sequencerRunAttributes" : {
        "instrument_name" : [ [ "NB551051" ] ]
      },
      "laneName" : [ "171129_NB551051_0040_AH53W3BGX5_lane_1" ],
      "laneAttributes" : { },
      "iusTag" : [ "GGCTAC" ],
      "iusAttributes" : { },
      "workflowName" : [ "RSEM" ],
      "processingAlgorithm" : [ "ProvisionFiles" ],
      "processingAttributes" : { },
      "fileMetaType" : [ "text/plain" ],
      "fileAttributes" : {
        "cvterms" : [ [ "EDAM:topic_0203" ] ]
      },
      "fileId" : -941505916
    }, {
      "studyTitle" : [ "TGL07" ],
      "studyAttributes" : { },
      "experimentName" : [ ],
      "experimentAttributes" : { },
      "sampleName" : [ "TGL07_0008_Sk_P_PE_280_WT" ],
      "sampleAttributes" : {
        "geo_external_name" : [ [ "IMP-00961" ] ],
        "geo_group_id" : [ [ "171121" ] ],
        "geo_library_source_template_type" : [ [ "WT" ] ],
        "geo_organism" : [ [ "Homo sapiens" ] ],
        "geo_prep_kit" : [ [ "TruSeq_Stranded_TotalRNA" ] ],
        "geo_purpose" : [ [ "Library" ] ],
        "geo_receive_date" : [ [ "2017-09-08" ] ],
        "geo_run_id_and_position" : [ [ "2926_1" ] ],
        "geo_str_result" : [ [ "Not Submitted" ] ],
        "geo_template_type" : [ [ "Illumina PE Library" ] ],
        "geo_tissue_origin" : [ [ "Sk" ] ],
        "geo_tissue_preparation" : [ [ "FFPE" ] ],
        "geo_tissue_type" : [ [ "P" ] ]
      },
      "sequencerRunName" : [ "171129_NB551051_0040_AH53W3BGX5" ],
      "sequencerRunAttributes" : {
        "instrument_name" : [ [ "NB551051" ] ]
      },
      "laneName" : [ "171129_NB551051_0040_AH53W3BGX5_lane_1" ],
      "laneAttributes" : { },
      "iusTag" : [ "GGCTAC" ],
      "iusAttributes" : { },
      "workflowName" : [ "STAR" ],
      "processingAlgorithm" : [ "ProvisionFiles" ],
      "processingAttributes" : { },
      "fileMetaType" : [ "text/plain" ],
      "fileAttributes" : {
        "cvterms" : [ [ "EDAM:topic_0203" ] ]
      },
      "fileId" : 1935240786
    }, {
      "studyTitle" : [ "TGL07" ],
      "studyAttributes" : { },
      "experimentName" : [ ],
      "experimentAttributes" : { },
      "sampleName" : [ "TGL07_0012_Ln_M_PE_274_WT" ],
      "sampleAttributes" : {
        "geo_external_name" : [ [ "IMP-01296" ] ],
        "geo_group_id" : [ [ "171121" ] ],
        "geo_library_source_template_type" : [ [ "WT" ] ],
        "geo_organism" : [ [ "Homo sapiens" ] ],
        "geo_prep_kit" : [ [ "TruSeq_Stranded_TotalRNA" ] ],
        "geo_purpose" : [ [ "Library" ] ],
        "geo_receive_date" : [ [ "2017-09-08" ] ],
        "geo_run_id_and_position" : [ [ "2927_1" ] ],
        "geo_str_result" : [ [ "Not Submitted" ] ],
        "geo_template_type" : [ [ "Illumina PE Library" ] ],
        "geo_tissue_origin" : [ [ "Ln" ] ],
        "geo_tissue_preparation" : [ [ "FFPE" ] ],
        "geo_tissue_type" : [ [ "M" ] ]
      },
      "sequencerRunName" : [ "171129_NB551056_0037_AH557VBGX5" ],
      "sequencerRunAttributes" : {
        "instrument_name" : [ [ "NB551056" ] ]
      },
      "laneName" : [ "171129_NB551056_0037_AH557VBGX5_lane_1" ],
      "laneAttributes" : { },
      "iusTag" : [ "GATCAG" ],
      "iusAttributes" : { },
      "workflowName" : [ "RSEM" ],
      "processingAlgorithm" : [ "ProvisionFiles" ],
      "processingAttributes" : { },
      "fileMetaType" : [ "text/plain" ],
      "fileAttributes" : {
        "cvterms" : [ [ "EDAM:topic_0203" ] ]
      },
      "fileId" : 1169572250
    }, {
      "studyTitle" : [ "TGL07" ],
      "studyAttributes" : { },
      "experimentName" : [ ],
      "experimentAttributes" : { },
      "sampleName" : [ "TGL07_0012_Ln_M_PE_274_WT" ],
      "sampleAttributes" : {
        "geo_external_name" : [ [ "IMP-01296" ] ],
        "geo_group_id" : [ [ "171121" ] ],
        "geo_library_source_template_type" : [ [ "WT" ] ],
        "geo_organism" : [ [ "Homo sapiens" ] ],
        "geo_prep_kit" : [ [ "TruSeq_Stranded_TotalRNA" ] ],
        "geo_purpose" : [ [ "Library" ] ],
        "geo_receive_date" : [ [ "2017-09-08" ] ],
        "geo_run_id_and_position" : [ [ "2927_1" ] ],
        "geo_str_result" : [ [ "Not Submitted" ] ],
        "geo_template_type" : [ [ "Illumina PE Library" ] ],
        "geo_tissue_origin" : [ [ "Ln" ] ],
        "geo_tissue_preparation" : [ [ "FFPE" ] ],
        "geo_tissue_type" : [ [ "M" ] ]
      },
      "sequencerRunName" : [ "171129_NB551056_0037_AH557VBGX5" ],
      "sequencerRunAttributes" : {
        "instrument_name" : [ [ "NB551056" ] ]
      },
      "laneName" : [ "171129_NB551056_0037_AH557VBGX5_lane_1" ],
      "laneAttributes" : { },
      "iusTag" : [ "GATCAG" ],
      "iusAttributes" : { },
      "workflowName" : [ "STAR" ],
      "processingAlgorithm" : [ "ProvisionFiles" ],
      "processingAttributes" : { },
      "fileMetaType" : [ "text/plain" ],
      "fileAttributes" : {
        "cvterms" : [ [ "EDAM:topic_0203" ] ]
      },
      "fileId" : -676348000
    }, {
      "studyTitle" : [ "TGL07" ],
      "studyAttributes" : { },
      "experimentName" : [ ],
      "experimentAttributes" : { },
      "sampleName" : [ "TGL07_0014_Ce_P_PE_299_WT" ],
      "sampleAttributes" : {
        "geo_external_name" : [ [ "IMP-01458" ] ],
        "geo_group_id" : [ [ "171121" ] ],
        "geo_library_source_template_type" : [ [ "WT" ] ],
        "geo_organism" : [ [ "Homo sapiens" ] ],
        "geo_prep_kit" : [ [ "TruSeq_Stranded_TotalRNA" ] ],
        "geo_purpose" : [ [ "Library" ] ],
        "geo_receive_date" : [ [ "2017-09-08" ] ],
        "geo_run_id_and_position" : [ [ "2927_1" ] ],
        "geo_str_result" : [ [ "Not Submitted" ] ],
        "geo_template_type" : [ [ "Illumina PE Library" ] ],
        "geo_tissue_origin" : [ [ "Ce" ] ],
        "geo_tissue_preparation" : [ [ "FFPE" ] ],
        "geo_tissue_type" : [ [ "P" ] ]
      },
      "sequencerRunName" : [ "171129_NB551056_0037_AH557VBGX5" ],
      "sequencerRunAttributes" : {
        "instrument_name" : [ [ "NB551056" ] ]
      },
      "laneName" : [ "171129_NB551056_0037_AH557VBGX5_lane_1" ],
      "laneAttributes" : { },
      "iusTag" : [ "CGTACG" ],
      "iusAttributes" : { },
      "workflowName" : [ "RSEM" ],
      "processingAlgorithm" : [ "ProvisionFiles" ],
      "processingAttributes" : { },
      "fileMetaType" : [ "text/plain" ],
      "fileAttributes" : {
        "cvterms" : [ [ "EDAM:topic_0203" ] ]
      },
      "fileId" : 781467435
    }, {
      "studyTitle" : [ "TGL07" ],
      "studyAttributes" : { },
      "experimentName" : [ ],
      "experimentAttributes" : { },
      "sampleName" : [ "TGL07_0014_Ce_P_PE_299_WT" ],
      "sampleAttributes" : {
        "geo_external_name" : [ [ "IMP-01458" ] ],
        "geo_group_id" : [ [ "171121" ] ],
        "geo_library_source_template_type" : [ [ "WT" ] ],
        "geo_organism" : [ [ "Homo sapiens" ] ],
        "geo_prep_kit" : [ [ "TruSeq_Stranded_TotalRNA" ] ],
        "geo_purpose" : [ [ "Library" ] ],
        "geo_receive_date" : [ [ "2017-09-08" ] ],
        "geo_run_id_and_position" : [ [ "2927_1" ] ],
        "geo_str_result" : [ [ "Not Submitted" ] ],
        "geo_template_type" : [ [ "Illumina PE Library" ] ],
        "geo_tissue_origin" : [ [ "Ce" ] ],
        "geo_tissue_preparation" : [ [ "FFPE" ] ],
        "geo_tissue_type" : [ [ "P" ] ]
      },
      "sequencerRunName" : [ "171129_NB551056_0037_AH557VBGX5" ],
      "sequencerRunAttributes" : {
        "instrument_name" : [ [ "NB551056" ] ]
      },
      "laneName" : [ "171129_NB551056_0037_AH557VBGX5_lane_1" ],
      "laneAttributes" : { },
      "iusTag" : [ "CGTACG" ],
      "iusAttributes" : { },
      "workflowName" : [ "STAR" ],
      "processingAlgorithm" : [ "ProvisionFiles" ],
      "processingAttributes" : { },
      "fileMetaType" : [ "text/plain" ],
      "fileAttributes" : {
        "cvterms" : [ [ "EDAM:topic_0203" ] ]
      },
      "fileId" : 338380432
    }, {
      "studyTitle" : [ "TGL07" ],
      "studyAttributes" : { },
      "experimentName" : [ ],
      "experimentAttributes" : { },
      "sampleName" : [ "TGL07_0017_Co_P_PE_290_WT" ],
      "sampleAttributes" : {
        "geo_external_name" : [ [ "COM-00603" ] ],
        "geo_group_id" : [ [ "171121" ] ],
        "geo_library_source_template_type" : [ [ "WT" ] ],
        "geo_organism" : [ [ "Homo sapiens" ] ],
        "geo_prep_kit" : [ [ "TruSeq_Stranded_TotalRNA" ] ],
        "geo_purpose" : [ [ "Library" ] ],
        "geo_receive_date" : [ [ "2017-09-08" ] ],
        "geo_run_id_and_position" : [ [ "2918_1" ] ],
        "geo_str_result" : [ [ "Not Submitted" ] ],
        "geo_template_type" : [ [ "Illumina PE Library" ] ],
        "geo_tissue_origin" : [ [ "Co" ] ],
        "geo_tissue_preparation" : [ [ "FFPE" ] ],
        "geo_tissue_type" : [ [ "P" ] ]
      },
      "sequencerRunName" : [ "171123_NB551056_0034_AHL5HTAFXX" ],
      "sequencerRunAttributes" : {
        "instrument_name" : [ [ "NB551056" ] ]
      },
      "laneName" : [ "171123_NB551056_0034_AHL5HTAFXX_lane_1" ],
      "laneAttributes" : { },
      "iusTag" : [ "ACAGTG" ],
      "iusAttributes" : { },
      "workflowName" : [ "RSEM" ],
      "processingAlgorithm" : [ "ProvisionFiles" ],
      "processingAttributes" : { },
      "fileMetaType" : [ "text/plain" ],
      "fileAttributes" : {
        "cvterms" : [ [ "EDAM:topic_0203" ] ]
      },
      "fileId" : -1087189423
    }, {
      "studyTitle" : [ "TGL07" ],
      "studyAttributes" : { },
      "experimentName" : [ ],
      "experimentAttributes" : { },
      "sampleName" : [ "TGL07_0017_Co_P_PE_290_WT" ],
      "sampleAttributes" : {
        "geo_external_name" : [ [ "COM-00603" ] ],
        "geo_group_id" : [ [ "171121" ] ],
        "geo_library_source_template_type" : [ [ "WT" ] ],
        "geo_organism" : [ [ "Homo sapiens" ] ],
        "geo_prep_kit" : [ [ "TruSeq_Stranded_TotalRNA" ] ],
        "geo_purpose" : [ [ "Library" ] ],
        "geo_receive_date" : [ [ "2017-09-08" ] ],
        "geo_run_id_and_position" : [ [ "2919_1" ] ],
        "geo_str_result" : [ [ "Not Submitted" ] ],
        "geo_template_type" : [ [ "Illumina PE Library" ] ],
        "geo_tissue_origin" : [ [ "Co" ] ],
        "geo_tissue_preparation" : [ [ "FFPE" ] ],
        "geo_tissue_type" : [ [ "P" ] ]
      },
      "sequencerRunName" : [ "171123_NB551051_0037_AHL5HNAFXX" ],
      "sequencerRunAttributes" : {
        "instrument_name" : [ [ "NB551051" ] ]
      },
      "laneName" : [ "171123_NB551051_0037_AHL5HNAFXX_lane_1" ],
      "laneAttributes" : { },
      "iusTag" : [ "ACAGTG" ],
      "iusAttributes" : { },
      "workflowName" : [ "STAR" ],
      "processingAlgorithm" : [ "ProvisionFiles" ],
      "processingAttributes" : { },
      "fileMetaType" : [ "text/plain" ],
      "fileAttributes" : {
        "cvterms" : [ [ "EDAM:topic_0203" ] ]
      },
      "fileId" : 2019507919
    } ],
    "outputFileProvenanceRecords" : 10
  } ]
}